  0:00 ------------------------------------------------------------
  0:00 InitGame: \com_maxclients\4\fs_game\mods/zm_perks\g_gametype\zclassic\g_randomSeed\0\gamename\PT6ZM\mapname\zm_prison\playlist_enabled\0\playlist_entry\0\protocol\2089\scr_team_fftype\1\shortversion\1\sv_allowAimAssist\1\sv_allowAnonymous\0\sv_clientFpsLimit\200\sv_disableClientConsole\0\sv_hostname\BlackOpsPublic\sv_maxclients\4\sv_maxPing\0\sv_minPing\0\sv_privateClients\0\sv_privateClientsForClients\0\sv_pure\0\sv_voice\1
  0:00 InitGame: \com_maxclients\4\fs_game\mods/zm_perks\g_gametype\zclassic\g_randomSeed\0\gamename\PT6ZM\mapname\zm_prison\playlist_enabled\0\playlist_entry\0\protocol\2089\scr_team_fftype\1\shortversion\1\sv_allowAimAssist\1\sv_allowAnonymous\0\sv_clientFpsLimit\200\sv_disableClientConsole\0\sv_hostname\BlackOpsPublic\sv_maxclients\4\sv_maxPing\0\sv_minPing\0\sv_privateClients\0\sv_privateClientsForClients\0\sv_pure\0\sv_voice\1\g_logTimeStampInSeconds\0
  4:29 J;5709704;0;tomba72
  9:24 Q;5709704;0;tomba72
  9:46 ExitLevel: executed
  9:46 ShutdownGame:
  9:46 ------------------------------------------------------------
  9:46 ------------------------------------------------------------
  9:46 InitGame: \com_maxclients\4\fs_game\mods/zm_perks\g_gametype\zclassic\g_randomSeed\0\gamename\PT6ZM\mapname\zm_prison\playlist_enabled\0\playlist_entry\0\protocol\2089\scr_team_fftype\1\shortversion\1\sv_allowAimAssist\1\sv_allowAnonymous\0\sv_clientFpsLimit\200\sv_disableClientConsole\0\sv_hostname\BlackOpsPublic\sv_maxclients\4\sv_maxPing\0\sv_minPing\0\sv_privateClients\0\sv_privateClientsForClients\0\sv_pure\0\sv_voice\1
  9:46 InitGame: \com_maxclients\4\fs_game\mods/zm_perks\g_gametype\zclassic\g_randomSeed\0\gamename\PT6ZM\mapname\zm_prison\playlist_enabled\0\playlist_entry\0\protocol\2089\scr_team_fftype\1\shortversion\1\sv_allowAimAssist\1\sv_allowAnonymous\0\sv_clientFpsLimit\200\sv_disableClientConsole\0\sv_hostname\BlackOpsPublic\sv_maxclients\4\sv_maxPing\0\sv_minPing\0\sv_privateClients\0\sv_privateClientsForClients\0\sv_pure\0\sv_voice\1\g_logTimeStampInSeconds\0
  0:00 ------------------------------------------------------------
  0:00 InitGame: \com_maxclients\4\fs_game\mods/zm_perks\g_gametype\zclassic\g_randomSeed\0\gamename\PT6ZM\mapname\zm_prison\playlist_enabled\0\playlist_entry\0\protocol\2089\scr_team_fftype\1\shortversion\1\sv_allowAimAssist\1\sv_allowAnonymous\0\sv_clientFpsLimit\200\sv_disableClientConsole\0\sv_hostname\BlackOpsPublic\sv_maxclients\4\sv_maxPing\0\sv_minPing\0\sv_privateClients\0\sv_privateClientsForClients\0\sv_pure\0\sv_voice\1
  0:00 InitGame: \com_maxclients\4\fs_game\mods/zm_perks\g_gametype\zclassic\g_randomSeed\0\gamename\PT6ZM\mapname\zm_prison\playlist_enabled\0\playlist_entry\0\protocol\2089\scr_team_fftype\1\shortversion\1\sv_allowAimAssist\1\sv_allowAnonymous\0\sv_clientFpsLimit\200\sv_disableClientConsole\0\sv_hostname\BlackOpsPublic\sv_maxclients\4\sv_maxPing\0\sv_minPing\0\sv_privateClients\0\sv_privateClientsForClients\0\sv_pure\0\sv_voice\1\g_logTimeStampInSeconds\0
  0:00 ------------------------------------------------------------
  0:00 InitGame: \com_maxclients\4\fs_game\mods/zm_perks\g_gametype\zclassic\g_randomSeed\0\gamename\PT6ZM\mapname\zm_prison\playlist_enabled\0\playlist_entry\0\protocol\2089\scr_team_fftype\1\shortversion\1\sv_allowAimAssist\1\sv_allowAnonymous\0\sv_clientFpsLimit\200\sv_disableClientConsole\0\sv_hostname\BlackOpsPublic\sv_maxclients\4\sv_maxPing\0\sv_minPing\0\sv_privateClients\0\sv_privateClientsForClients\0\sv_pure\0\sv_voice\1
  0:00 InitGame: \com_maxclients\4\fs_game\mods/zm_perks\g_gametype\zclassic\g_randomSeed\0\gamename\PT6ZM\mapname\zm_prison\playlist_enabled\0\playlist_entry\0\protocol\2089\scr_team_fftype\1\shortversion\1\sv_allowAimAssist\1\sv_allowAnonymous\0\sv_clientFpsLimit\200\sv_disableClientConsole\0\sv_hostname\BlackOpsPublic\sv_maxclients\4\sv_maxPing\0\sv_minPing\0\sv_privateClients\0\sv_privateClientsForClients\0\sv_pure\0\sv_voice\1\g_logTimeStampInSeconds\0
  0:00 ------------------------------------------------------------
  0:00 InitGame: \com_maxclients\4\fs_game\mods/zm_perks\g_gametype\zclassic\g_randomSeed\0\gamename\PT6ZM\mapname\zm_prison\playlist_enabled\0\playlist_entry\0\protocol\2089\scr_team_fftype\1\shortversion\1\sv_allowAimAssist\1\sv_allowAnonymous\0\sv_clientFpsLimit\200\sv_disableClientConsole\0\sv_hostname\BlackOpsPublic\sv_maxclients\4\sv_maxPing\0\sv_minPing\0\sv_privateClients\0\sv_privateClientsForClients\0\sv_pure\0\sv_voice\1
  0:00 InitGame: \com_maxclients\4\fs_game\mods/zm_perks\g_gametype\zclassic\g_randomSeed\0\gamename\PT6ZM\mapname\zm_prison\playlist_enabled\0\playlist_entry\0\protocol\2089\scr_team_fftype\1\shortversion\1\sv_allowAimAssist\1\sv_allowAnonymous\0\sv_clientFpsLimit\200\sv_disableClientConsole\0\sv_hostname\BlackOpsPublic\sv_maxclients\4\sv_maxPing\0\sv_minPing\0\sv_privateClients\0\sv_privateClientsForClients\0\sv_pure\0\sv_voice\1\g_logTimeStampInSeconds\0
  0:55 J;5709704;0;tomba72
  1:31 say;5709704;0;tomba72;.afk
  1:43 Q;5709704;0;tomba72
  2:05 ExitLevel: executed
  2:05 ShutdownGame:
  2:05 ------------------------------------------------------------
  2:05 ------------------------------------------------------------
  2:05 InitGame: \com_maxclients\4\fs_game\mods/zm_perks\g_gametype\zclassic\g_randomSeed\0\gamename\PT6ZM\mapname\zm_prison\playlist_enabled\0\playlist_entry\0\protocol\2089\scr_team_fftype\1\shortversion\1\sv_allowAimAssist\1\sv_allowAnonymous\0\sv_clientFpsLimit\200\sv_disableClientConsole\0\sv_hostname\BlackOpsPublic\sv_maxclients\4\sv_maxPing\0\sv_minPing\0\sv_privateClients\0\sv_privateClientsForClients\0\sv_pure\0\sv_voice\1
  2:05 InitGame: \com_maxclients\4\fs_game\mods/zm_perks\g_gametype\zclassic\g_randomSeed\0\gamename\PT6ZM\mapname\zm_prison\playlist_enabled\0\playlist_entry\0\protocol\2089\scr_team_fftype\1\shortversion\1\sv_allowAimAssist\1\sv_allowAnonymous\0\sv_clientFpsLimit\200\sv_disableClientConsole\0\sv_hostname\BlackOpsPublic\sv_maxclients\4\sv_maxPing\0\sv_minPing\0\sv_privateClients\0\sv_privateClientsForClients\0\sv_pure\0\sv_voice\1\g_logTimeStampInSeconds\0
  3:24 J;5709704;0;tomba72
  3:34 say;5709704;0;tomba72;rcon sv_cheats 1
  3:46 say;5709704;0;tomba72;!afk
  3:52 say;5709704;0;tomba72;.afk
  3:58 say;5709704;0;tomba72;!rcon sv_cheats 1
  4:14 Q;5709704;0;tomba72
  4:35 ExitLevel: executed
  4:35 ShutdownGame:
  4:35 ------------------------------------------------------------
  4:35 ------------------------------------------------------------
  4:35 InitGame: \com_maxclients\4\fs_game\mods/zm_perks\g_gametype\zclassic\g_randomSeed\0\gamename\PT6ZM\mapname\zm_prison\playlist_enabled\0\playlist_entry\0\protocol\2089\scr_team_fftype\1\shortversion\1\sv_allowAimAssist\1\sv_allowAnonymous\0\sv_clientFpsLimit\200\sv_disableClientConsole\0\sv_hostname\BlackOpsPublic\sv_maxclients\4\sv_maxPing\0\sv_minPing\0\sv_privateClients\0\sv_privateClientsForClients\0\sv_pure\0\sv_voice\1
  4:35 InitGame: \com_maxclients\4\fs_game\mods/zm_perks\g_gametype\zclassic\g_randomSeed\0\gamename\PT6ZM\mapname\zm_prison\playlist_enabled\0\playlist_entry\0\protocol\2089\scr_team_fftype\1\shortversion\1\sv_allowAimAssist\1\sv_allowAnonymous\0\sv_clientFpsLimit\200\sv_disableClientConsole\0\sv_hostname\BlackOpsPublic\sv_maxclients\4\sv_maxPing\0\sv_minPing\0\sv_privateClients\0\sv_privateClientsForClients\0\sv_pure\0\sv_voice\1\g_logTimeStampInSeconds\0
  0:00 ------------------------------------------------------------
  0:00 InitGame: \com_maxclients\4\fs_game\mods/zm_perks\g_gametype\zclassic\g_randomSeed\0\gamename\PT6ZM\mapname\zm_prison\playlist_enabled\0\playlist_entry\0\protocol\2089\scr_team_fftype\1\shortversion\1\sv_allowAimAssist\1\sv_allowAnonymous\0\sv_clientFpsLimit\200\sv_disableClientConsole\0\sv_hostname\BlackOpsPublic\sv_maxclients\4\sv_maxPing\0\sv_minPing\0\sv_privateClients\0\sv_privateClientsForClients\0\sv_pure\0\sv_voice\1
  0:00 InitGame: \com_maxclients\4\fs_game\mods/zm_perks\g_gametype\zclassic\g_randomSeed\0\gamename\PT6ZM\mapname\zm_prison\playlist_enabled\0\playlist_entry\0\protocol\2089\scr_team_fftype\1\shortversion\1\sv_allowAimAssist\1\sv_allowAnonymous\0\sv_clientFpsLimit\200\sv_disableClientConsole\0\sv_hostname\BlackOpsPublic\sv_maxclients\4\sv_maxPing\0\sv_minPing\0\sv_privateClients\0\sv_privateClientsForClients\0\sv_pure\0\sv_voice\1\g_logTimeStampInSeconds\0
  0:24 J;5709704;0;tomba72
  0:51 say;5709704;0;tomba72;.w 500
  0:55 say;5709704;0;tomba72;.d 500
  1:35 say;5709704;0;tomba72;.d 1000
  1:55 say;5709704;0;tomba72;.w all
  1:58 say;5709704;0;tomba72;.d all
  2:07 Q;5709704;0;tomba72
  0:00 ------------------------------------------------------------
  0:00 InitGame: \com_maxclients\4\fs_game\mods/zm_perks\g_gametype\zclassic\g_randomSeed\0\gamename\PT6ZM\mapname\zm_prison\playlist_enabled\0\playlist_entry\0\protocol\2089\scr_team_fftype\1\shortversion\1\sv_allowAimAssist\1\sv_allowAnonymous\0\sv_clientFpsLimit\200\sv_disableClientConsole\0\sv_hostname\BlackOpsPublic\sv_maxclients\4\sv_maxPing\0\sv_minPing\0\sv_privateClients\0\sv_privateClientsForClients\0\sv_pure\0\sv_voice\1
  0:00 InitGame: \com_maxclients\4\fs_game\mods/zm_perks\g_gametype\zclassic\g_randomSeed\0\gamename\PT6ZM\mapname\zm_prison\playlist_enabled\0\playlist_entry\0\protocol\2089\scr_team_fftype\1\shortversion\1\sv_allowAimAssist\1\sv_allowAnonymous\0\sv_clientFpsLimit\200\sv_disableClientConsole\0\sv_hostname\BlackOpsPublic\sv_maxclients\4\sv_maxPing\0\sv_minPing\0\sv_privateClients\0\sv_privateClientsForClients\0\sv_pure\0\sv_voice\1\g_logTimeStampInSeconds\0
  0:20 J;5709704;0;tomba72
  0:37 Q;5709704;0;tomba72
  0:59 ExitLevel: executed
  0:59 ShutdownGame:
  0:59 ------------------------------------------------------------
  0:59 ------------------------------------------------------------
  0:59 InitGame: \com_maxclients\4\fs_game\mods/zm_perks\g_gametype\zclassic\g_randomSeed\0\gamename\PT6ZM\mapname\zm_prison\playlist_enabled\0\playlist_entry\0\protocol\2089\scr_team_fftype\1\shortversion\1\sv_allowAimAssist\1\sv_allowAnonymous\0\sv_clientFpsLimit\200\sv_disableClientConsole\0\sv_hostname\BlackOpsPublic\sv_maxclients\4\sv_maxPing\0\sv_minPing\0\sv_privateClients\0\sv_privateClientsForClients\0\sv_pure\0\sv_voice\1
  0:59 InitGame: \com_maxclients\4\fs_game\mods/zm_perks\g_gametype\zclassic\g_randomSeed\0\gamename\PT6ZM\mapname\zm_prison\playlist_enabled\0\playlist_entry\0\protocol\2089\scr_team_fftype\1\shortversion\1\sv_allowAimAssist\1\sv_allowAnonymous\0\sv_clientFpsLimit\200\sv_disableClientConsole\0\sv_hostname\BlackOpsPublic\sv_maxclients\4\sv_maxPing\0\sv_minPing\0\sv_privateClients\0\sv_privateClientsForClients\0\sv_pure\0\sv_voice\1\g_logTimeStampInSeconds\0
  1:30 J;5709704;0;tomba72
  1:42 Q;5709704;0;tomba72
  0:00 ------------------------------------------------------------
  0:00 InitGame: \com_maxclients\4\fs_game\mods/zm_perks\g_gametype\zclassic\g_randomSeed\0\gamename\PT6ZM\mapname\zm_prison\playlist_enabled\0\playlist_entry\0\protocol\2089\scr_team_fftype\1\shortversion\1\sv_allowAimAssist\1\sv_allowAnonymous\0\sv_clientFpsLimit\200\sv_disableClientConsole\0\sv_hostname\BlackOpsPublic\sv_maxclients\4\sv_maxPing\0\sv_minPing\0\sv_privateClients\0\sv_privateClientsForClients\0\sv_pure\0\sv_voice\1
  0:00 InitGame: \com_maxclients\4\fs_game\mods/zm_perks\g_gametype\zclassic\g_randomSeed\0\gamename\PT6ZM\mapname\zm_prison\playlist_enabled\0\playlist_entry\0\protocol\2089\scr_team_fftype\1\shortversion\1\sv_allowAimAssist\1\sv_allowAnonymous\0\sv_clientFpsLimit\200\sv_disableClientConsole\0\sv_hostname\BlackOpsPublic\sv_maxclients\4\sv_maxPing\0\sv_minPing\0\sv_privateClients\0\sv_privateClientsForClients\0\sv_pure\0\sv_voice\1\g_logTimeStampInSeconds\0
  0:15 J;5709704;0;tomba72
  0:32 say;5709704;0;tomba72;.w all
  0:36 say;5709704;0;tomba72;.d all
  0:41 Q;5709704;0;tomba72
  1:03 ExitLevel: executed
  1:03 ShutdownGame:
  1:03 ------------------------------------------------------------
  1:03 ------------------------------------------------------------
  1:03 InitGame: \com_maxclients\4\fs_game\mods/zm_perks\g_gametype\zclassic\g_randomSeed\0\gamename\PT6ZM\mapname\zm_prison\playlist_enabled\0\playlist_entry\0\protocol\2089\scr_team_fftype\1\shortversion\1\sv_allowAimAssist\1\sv_allowAnonymous\0\sv_clientFpsLimit\200\sv_disableClientConsole\0\sv_hostname\BlackOpsPublic\sv_maxclients\4\sv_maxPing\0\sv_minPing\0\sv_privateClients\0\sv_privateClientsForClients\0\sv_pure\0\sv_voice\1
  1:03 InitGame: \com_maxclients\4\fs_game\mods/zm_perks\g_gametype\zclassic\g_randomSeed\0\gamename\PT6ZM\mapname\zm_prison\playlist_enabled\0\playlist_entry\0\protocol\2089\scr_team_fftype\1\shortversion\1\sv_allowAimAssist\1\sv_allowAnonymous\0\sv_clientFpsLimit\200\sv_disableClientConsole\0\sv_hostname\BlackOpsPublic\sv_maxclients\4\sv_maxPing\0\sv_minPing\0\sv_privateClients\0\sv_privateClientsForClients\0\sv_pure\0\sv_voice\1\g_logTimeStampInSeconds\0
  2:01 J;5709704;0;tomba72
  2:13 Q;5709704;0;tomba72
  0:00 ------------------------------------------------------------
  0:00 InitGame: \com_maxclients\4\fs_game\mods/zm_perks\g_gametype\zclassic\g_randomSeed\0\gamename\PT6ZM\mapname\zm_prison\playlist_enabled\0\playlist_entry\0\protocol\2089\scr_team_fftype\1\shortversion\1\sv_allowAimAssist\1\sv_allowAnonymous\0\sv_clientFpsLimit\200\sv_disableClientConsole\0\sv_hostname\BlackOpsPublic\sv_maxclients\4\sv_maxPing\0\sv_minPing\0\sv_privateClients\0\sv_privateClientsForClients\0\sv_pure\0\sv_voice\1
  0:00 InitGame: \com_maxclients\4\fs_game\mods/zm_perks\g_gametype\zclassic\g_randomSeed\0\gamename\PT6ZM\mapname\zm_prison\playlist_enabled\0\playlist_entry\0\protocol\2089\scr_team_fftype\1\shortversion\1\sv_allowAimAssist\1\sv_allowAnonymous\0\sv_clientFpsLimit\200\sv_disableClientConsole\0\sv_hostname\BlackOpsPublic\sv_maxclients\4\sv_maxPing\0\sv_minPing\0\sv_privateClients\0\sv_privateClientsForClients\0\sv_pure\0\sv_voice\1\g_logTimeStampInSeconds\0
  0:21 J;5709704;0;tomba72
  0:00 ------------------------------------------------------------
  0:00 InitGame: \com_maxclients\4\fs_game\mods/zm_perks\g_gametype\zclassic\g_randomSeed\0\gamename\PT6ZM\mapname\zm_prison\playlist_enabled\0\playlist_entry\0\protocol\2089\scr_team_fftype\1\shortversion\1\sv_allowAimAssist\1\sv_allowAnonymous\0\sv_clientFpsLimit\200\sv_disableClientConsole\0\sv_hostname\BlackOpsPublic\sv_maxclients\4\sv_maxPing\0\sv_minPing\0\sv_privateClients\0\sv_privateClientsForClients\0\sv_pure\0\sv_voice\1
  0:00 InitGame: \com_maxclients\4\fs_game\mods/zm_perks\g_gametype\zclassic\g_randomSeed\0\gamename\PT6ZM\mapname\zm_prison\playlist_enabled\0\playlist_entry\0\protocol\2089\scr_team_fftype\1\shortversion\1\sv_allowAimAssist\1\sv_allowAnonymous\0\sv_clientFpsLimit\200\sv_disableClientConsole\0\sv_hostname\BlackOpsPublic\sv_maxclients\4\sv_maxPing\0\sv_minPing\0\sv_privateClients\0\sv_privateClientsForClients\0\sv_pure\0\sv_voice\1\g_logTimeStampInSeconds\0
  0:07 J;5709704;0;tomba72
  0:24 Q;5709704;0;tomba72
  0:00 ------------------------------------------------------------
  0:00 InitGame: \com_maxclients\4\fs_game\mods/zm_perks\g_gametype\zclassic\g_randomSeed\0\gamename\PT6ZM\mapname\zm_prison\playlist_enabled\0\playlist_entry\0\protocol\2089\scr_team_fftype\1\shortversion\1\sv_allowAimAssist\1\sv_allowAnonymous\0\sv_clientFpsLimit\200\sv_disableClientConsole\0\sv_hostname\BlackOpsPublic\sv_maxclients\4\sv_maxPing\0\sv_minPing\0\sv_privateClients\0\sv_privateClientsForClients\0\sv_pure\0\sv_voice\1
  0:00 InitGame: \com_maxclients\4\fs_game\mods/zm_perks\g_gametype\zclassic\g_randomSeed\0\gamename\PT6ZM\mapname\zm_prison\playlist_enabled\0\playlist_entry\0\protocol\2089\scr_team_fftype\1\shortversion\1\sv_allowAimAssist\1\sv_allowAnonymous\0\sv_clientFpsLimit\200\sv_disableClientConsole\0\sv_hostname\BlackOpsPublic\sv_maxclients\4\sv_maxPing\0\sv_minPing\0\sv_privateClients\0\sv_privateClientsForClients\0\sv_pure\0\sv_voice\1\g_logTimeStampInSeconds\0
  0:00 ShutdownGame:
  0:00 ------------------------------------------------------------
  0:00 ------------------------------------------------------------
  0:00 InitGame: \com_maxclients\4\fs_game\mods/zm_perks\g_gametype\zclassic\g_randomSeed\0\gamename\PT6ZM\mapname\zm_prison\playlist_enabled\0\playlist_entry\0\protocol\2089\scr_team_fftype\1\shortversion\1\sv_allowAimAssist\1\sv_allowAnonymous\0\sv_clientFpsLimit\200\sv_disableClientConsole\0\sv_hostname\BlackOpsPublic\sv_maxclients\4\sv_maxPing\0\sv_minPing\0\sv_privateClients\0\sv_privateClientsForClients\0\sv_pure\0\sv_voice\1
  0:00 InitGame: \com_maxclients\4\fs_game\mods/zm_perks\g_gametype\zclassic\g_randomSeed\0\gamename\PT6ZM\mapname\zm_prison\playlist_enabled\0\playlist_entry\0\protocol\2089\scr_team_fftype\1\shortversion\1\sv_allowAimAssist\1\sv_allowAnonymous\0\sv_clientFpsLimit\200\sv_disableClientConsole\0\sv_hostname\BlackOpsPublic\sv_maxclients\4\sv_maxPing\0\sv_minPing\0\sv_privateClients\0\sv_privateClientsForClients\0\sv_pure\0\sv_voice\1\g_logTimeStampInSeconds\0
  0:00 ShutdownGame:
  0:00 ------------------------------------------------------------
  0:00 ------------------------------------------------------------
  0:00 InitGame: \com_maxclients\4\fs_game\mods/zm_perks\g_gametype\zclassic\g_randomSeed\0\gamename\PT6ZM\mapname\zm_prison\playlist_enabled\0\playlist_entry\0\protocol\2089\scr_team_fftype\1\shortversion\1\sv_allowAimAssist\1\sv_allowAnonymous\0\sv_clientFpsLimit\200\sv_disableClientConsole\0\sv_hostname\BlackOpsPublic\sv_maxclients\4\sv_maxPing\0\sv_minPing\0\sv_privateClients\0\sv_privateClientsForClients\0\sv_pure\0\sv_voice\1
  0:00 InitGame: \com_maxclients\4\fs_game\mods/zm_perks\g_gametype\zclassic\g_randomSeed\0\gamename\PT6ZM\mapname\zm_prison\playlist_enabled\0\playlist_entry\0\protocol\2089\scr_team_fftype\1\shortversion\1\sv_allowAimAssist\1\sv_allowAnonymous\0\sv_clientFpsLimit\200\sv_disableClientConsole\0\sv_hostname\BlackOpsPublic\sv_maxclients\4\sv_maxPing\0\sv_minPing\0\sv_privateClients\0\sv_privateClientsForClients\0\sv_pure\0\sv_voice\1\g_logTimeStampInSeconds\0
  0:00 ShutdownGame:
  0:00 ------------------------------------------------------------
  0:00 ------------------------------------------------------------
  0:00 InitGame: \com_maxclients\4\fs_game\mods/zm_perks\g_gametype\zclassic\g_randomSeed\0\gamename\PT6ZM\mapname\zm_prison\playlist_enabled\0\playlist_entry\0\protocol\2089\scr_team_fftype\1\shortversion\1\sv_allowAimAssist\1\sv_allowAnonymous\0\sv_clientFpsLimit\200\sv_disableClientConsole\0\sv_hostname\BlackOpsPublic\sv_maxclients\4\sv_maxPing\0\sv_minPing\0\sv_privateClients\0\sv_privateClientsForClients\0\sv_pure\0\sv_voice\1
  0:00 InitGame: \com_maxclients\4\fs_game\mods/zm_perks\g_gametype\zclassic\g_randomSeed\0\gamename\PT6ZM\mapname\zm_prison\playlist_enabled\0\playlist_entry\0\protocol\2089\scr_team_fftype\1\shortversion\1\sv_allowAimAssist\1\sv_allowAnonymous\0\sv_clientFpsLimit\200\sv_disableClientConsole\0\sv_hostname\BlackOpsPublic\sv_maxclients\4\sv_maxPing\0\sv_minPing\0\sv_privateClients\0\sv_privateClientsForClients\0\sv_pure\0\sv_voice\1\g_logTimeStampInSeconds\0
  0:00 ShutdownGame:
  0:00 ------------------------------------------------------------
  0:00 ------------------------------------------------------------
  0:00 InitGame: \com_maxclients\4\fs_game\mods/zm_perks\g_gametype\zclassic\g_randomSeed\0\gamename\PT6ZM\mapname\zm_prison\playlist_enabled\0\playlist_entry\0\protocol\2089\scr_team_fftype\1\shortversion\1\sv_allowAimAssist\1\sv_allowAnonymous\0\sv_clientFpsLimit\200\sv_disableClientConsole\0\sv_hostname\BlackOpsPublic\sv_maxclients\4\sv_maxPing\0\sv_minPing\0\sv_privateClients\0\sv_privateClientsForClients\0\sv_pure\0\sv_voice\1
  0:00 InitGame: \com_maxclients\4\fs_game\mods/zm_perks\g_gametype\zclassic\g_randomSeed\0\gamename\PT6ZM\mapname\zm_prison\playlist_enabled\0\playlist_entry\0\protocol\2089\scr_team_fftype\1\shortversion\1\sv_allowAimAssist\1\sv_allowAnonymous\0\sv_clientFpsLimit\200\sv_disableClientConsole\0\sv_hostname\BlackOpsPublic\sv_maxclients\4\sv_maxPing\0\sv_minPing\0\sv_privateClients\0\sv_privateClientsForClients\0\sv_pure\0\sv_voice\1\g_logTimeStampInSeconds\0
  0:00 ShutdownGame:
  0:00 ------------------------------------------------------------
  0:00 ------------------------------------------------------------
  0:00 InitGame: \com_maxclients\4\fs_game\mods/zm_perks\g_gametype\zclassic\g_randomSeed\0\gamename\PT6ZM\mapname\zm_prison\playlist_enabled\0\playlist_entry\0\protocol\2089\scr_team_fftype\1\shortversion\1\sv_allowAimAssist\1\sv_allowAnonymous\0\sv_clientFpsLimit\200\sv_disableClientConsole\0\sv_hostname\BlackOpsPublic\sv_maxclients\4\sv_maxPing\0\sv_minPing\0\sv_privateClients\0\sv_privateClientsForClients\0\sv_pure\0\sv_voice\1
  0:00 InitGame: \com_maxclients\4\fs_game\mods/zm_perks\g_gametype\zclassic\g_randomSeed\0\gamename\PT6ZM\mapname\zm_prison\playlist_enabled\0\playlist_entry\0\protocol\2089\scr_team_fftype\1\shortversion\1\sv_allowAimAssist\1\sv_allowAnonymous\0\sv_clientFpsLimit\200\sv_disableClientConsole\0\sv_hostname\BlackOpsPublic\sv_maxclients\4\sv_maxPing\0\sv_minPing\0\sv_privateClients\0\sv_privateClientsForClients\0\sv_pure\0\sv_voice\1\g_logTimeStampInSeconds\0
  0:00 ------------------------------------------------------------
  0:00 InitGame: \com_maxclients\4\fs_game\mods/zm_perks\g_gametype\zclassic\g_randomSeed\0\gamename\PT6ZM\mapname\zm_prison\playlist_enabled\0\playlist_entry\0\protocol\2089\scr_team_fftype\1\shortversion\1\sv_allowAimAssist\1\sv_allowAnonymous\0\sv_clientFpsLimit\200\sv_disableClientConsole\0\sv_hostname\BlackOpsPublic\sv_maxclients\4\sv_maxPing\0\sv_minPing\0\sv_privateClients\0\sv_privateClientsForClients\0\sv_pure\0\sv_voice\1
  0:00 InitGame: \com_maxclients\4\fs_game\mods/zm_perks\g_gametype\zclassic\g_randomSeed\0\gamename\PT6ZM\mapname\zm_prison\playlist_enabled\0\playlist_entry\0\protocol\2089\scr_team_fftype\1\shortversion\1\sv_allowAimAssist\1\sv_allowAnonymous\0\sv_clientFpsLimit\200\sv_disableClientConsole\0\sv_hostname\BlackOpsPublic\sv_maxclients\4\sv_maxPing\0\sv_minPing\0\sv_privateClients\0\sv_privateClientsForClients\0\sv_pure\0\sv_voice\1\g_logTimeStampInSeconds\0
  0:11 J;5709704;0;tomba72
  0:27 Q;5709704;0;tomba72
  0:00 ------------------------------------------------------------
  0:00 InitGame: \com_maxclients\4\fs_game\mods/zm_perks\g_gametype\zclassic\g_randomSeed\0\gamename\PT6ZM\mapname\zm_prison\playlist_enabled\0\playlist_entry\0\protocol\2089\scr_team_fftype\1\shortversion\1\sv_allowAimAssist\1\sv_allowAnonymous\0\sv_clientFpsLimit\200\sv_disableClientConsole\0\sv_hostname\BlackOpsPublic\sv_maxclients\4\sv_maxPing\0\sv_minPing\0\sv_privateClients\0\sv_privateClientsForClients\0\sv_pure\0\sv_voice\1
  0:00 InitGame: \com_maxclients\4\fs_game\mods/zm_perks\g_gametype\zclassic\g_randomSeed\0\gamename\PT6ZM\mapname\zm_prison\playlist_enabled\0\playlist_entry\0\protocol\2089\scr_team_fftype\1\shortversion\1\sv_allowAimAssist\1\sv_allowAnonymous\0\sv_clientFpsLimit\200\sv_disableClientConsole\0\sv_hostname\BlackOpsPublic\sv_maxclients\4\sv_maxPing\0\sv_minPing\0\sv_privateClients\0\sv_privateClientsForClients\0\sv_pure\0\sv_voice\1\g_logTimeStampInSeconds\0
  0:11 J;5709704;0;tomba72
  0:31 Q;5709704;0;tomba72
  0:00 ------------------------------------------------------------
  0:00 InitGame: \com_maxclients\4\fs_game\mods/zm_perks\g_gametype\zclassic\g_randomSeed\0\gamename\PT6ZM\mapname\zm_prison\playlist_enabled\0\playlist_entry\0\protocol\2089\scr_team_fftype\1\shortversion\1\sv_allowAimAssist\1\sv_allowAnonymous\0\sv_clientFpsLimit\200\sv_disableClientConsole\0\sv_hostname\BlackOpsPublic\sv_maxclients\4\sv_maxPing\0\sv_minPing\0\sv_privateClients\0\sv_privateClientsForClients\0\sv_pure\0\sv_voice\1
  0:00 InitGame: \com_maxclients\4\fs_game\mods/zm_perks\g_gametype\zclassic\g_randomSeed\0\gamename\PT6ZM\mapname\zm_prison\playlist_enabled\0\playlist_entry\0\protocol\2089\scr_team_fftype\1\shortversion\1\sv_allowAimAssist\1\sv_allowAnonymous\0\sv_clientFpsLimit\200\sv_disableClientConsole\0\sv_hostname\BlackOpsPublic\sv_maxclients\4\sv_maxPing\0\sv_minPing\0\sv_privateClients\0\sv_privateClientsForClients\0\sv_pure\0\sv_voice\1\g_logTimeStampInSeconds\0
  0:09 J;5709704;0;tomba72
  0:27 Q;5709704;0;tomba72
  0:00 ------------------------------------------------------------
  0:00 InitGame: \com_maxclients\4\fs_game\mods/zm_perks\g_gametype\zclassic\g_randomSeed\0\gamename\PT6ZM\mapname\zm_prison\playlist_enabled\0\playlist_entry\0\protocol\2089\scr_team_fftype\1\shortversion\1\sv_allowAimAssist\1\sv_allowAnonymous\0\sv_clientFpsLimit\200\sv_disableClientConsole\0\sv_hostname\BlackOpsPublic\sv_maxclients\4\sv_maxPing\0\sv_minPing\0\sv_privateClients\0\sv_privateClientsForClients\0\sv_pure\0\sv_voice\1
  0:00 InitGame: \com_maxclients\4\fs_game\mods/zm_perks\g_gametype\zclassic\g_randomSeed\0\gamename\PT6ZM\mapname\zm_prison\playlist_enabled\0\playlist_entry\0\protocol\2089\scr_team_fftype\1\shortversion\1\sv_allowAimAssist\1\sv_allowAnonymous\0\sv_clientFpsLimit\200\sv_disableClientConsole\0\sv_hostname\BlackOpsPublic\sv_maxclients\4\sv_maxPing\0\sv_minPing\0\sv_privateClients\0\sv_privateClientsForClients\0\sv_pure\0\sv_voice\1\g_logTimeStampInSeconds\0
  0:22 J;5709704;0;tomba72
  0:44 Q;5709704;0;tomba72
  0:00 ------------------------------------------------------------
  0:00 InitGame: \com_maxclients\4\fs_game\mods/zm_perks\g_gametype\zclassic\g_randomSeed\0\gamename\PT6ZM\mapname\zm_prison\playlist_enabled\0\playlist_entry\0\protocol\2089\scr_team_fftype\1\shortversion\1\sv_allowAimAssist\1\sv_allowAnonymous\0\sv_clientFpsLimit\200\sv_disableClientConsole\0\sv_hostname\BlackOpsPublic\sv_maxclients\4\sv_maxPing\0\sv_minPing\0\sv_privateClients\0\sv_privateClientsForClients\0\sv_pure\0\sv_voice\1
  0:00 InitGame: \com_maxclients\4\fs_game\mods/zm_perks\g_gametype\zclassic\g_randomSeed\0\gamename\PT6ZM\mapname\zm_prison\playlist_enabled\0\playlist_entry\0\protocol\2089\scr_team_fftype\1\shortversion\1\sv_allowAimAssist\1\sv_allowAnonymous\0\sv_clientFpsLimit\200\sv_disableClientConsole\0\sv_hostname\BlackOpsPublic\sv_maxclients\4\sv_maxPing\0\sv_minPing\0\sv_privateClients\0\sv_privateClientsForClients\0\sv_pure\0\sv_voice\1\g_logTimeStampInSeconds\0
  0:08 J;5709704;0;tomba72
  0:23 Q;5709704;0;tomba72
  0:00 ------------------------------------------------------------
  0:00 InitGame: \com_maxclients\4\fs_game\mods/zm_perks\g_gametype\zclassic\g_randomSeed\0\gamename\PT6ZM\mapname\zm_prison\playlist_enabled\0\playlist_entry\0\protocol\2089\scr_team_fftype\1\shortversion\1\sv_allowAimAssist\1\sv_allowAnonymous\0\sv_clientFpsLimit\200\sv_disableClientConsole\0\sv_hostname\BlackOpsPublic\sv_maxclients\4\sv_maxPing\0\sv_minPing\0\sv_privateClients\0\sv_privateClientsForClients\0\sv_pure\0\sv_voice\1
  0:00 InitGame: \com_maxclients\4\fs_game\mods/zm_perks\g_gametype\zclassic\g_randomSeed\0\gamename\PT6ZM\mapname\zm_prison\playlist_enabled\0\playlist_entry\0\protocol\2089\scr_team_fftype\1\shortversion\1\sv_allowAimAssist\1\sv_allowAnonymous\0\sv_clientFpsLimit\200\sv_disableClientConsole\0\sv_hostname\BlackOpsPublic\sv_maxclients\4\sv_maxPing\0\sv_minPing\0\sv_privateClients\0\sv_privateClientsForClients\0\sv_pure\0\sv_voice\1\g_logTimeStampInSeconds\0
  0:12 J;5709704;0;tomba72
  0:28 Q;5709704;0;tomba72
  0:00 ------------------------------------------------------------
  0:00 InitGame: \com_maxclients\4\fs_game\mods/zm_perks\g_gametype\zclassic\g_randomSeed\0\gamename\PT6ZM\mapname\zm_prison\playlist_enabled\0\playlist_entry\0\protocol\2089\scr_team_fftype\1\shortversion\1\sv_allowAimAssist\1\sv_allowAnonymous\0\sv_clientFpsLimit\200\sv_disableClientConsole\0\sv_hostname\BlackOpsPublic\sv_maxclients\4\sv_maxPing\0\sv_minPing\0\sv_privateClients\0\sv_privateClientsForClients\0\sv_pure\0\sv_voice\1
  0:00 InitGame: \com_maxclients\4\fs_game\mods/zm_perks\g_gametype\zclassic\g_randomSeed\0\gamename\PT6ZM\mapname\zm_prison\playlist_enabled\0\playlist_entry\0\protocol\2089\scr_team_fftype\1\shortversion\1\sv_allowAimAssist\1\sv_allowAnonymous\0\sv_clientFpsLimit\200\sv_disableClientConsole\0\sv_hostname\BlackOpsPublic\sv_maxclients\4\sv_maxPing\0\sv_minPing\0\sv_privateClients\0\sv_privateClientsForClients\0\sv_pure\0\sv_voice\1\g_logTimeStampInSeconds\0
  1:05 J;5709704;0;tomba72
  1:32 Q;5709704;0;tomba72
  1:54 ExitLevel: executed
  1:54 ShutdownGame:
  1:54 ------------------------------------------------------------
  1:54 ------------------------------------------------------------
  1:54 InitGame: \com_maxclients\4\fs_game\mods/zm_perks\g_gametype\zclassic\g_randomSeed\0\gamename\PT6ZM\mapname\zm_prison\playlist_enabled\0\playlist_entry\0\protocol\2089\scr_team_fftype\1\shortversion\1\sv_allowAimAssist\1\sv_allowAnonymous\0\sv_clientFpsLimit\200\sv_disableClientConsole\0\sv_hostname\BlackOpsPublic\sv_maxclients\4\sv_maxPing\0\sv_minPing\0\sv_privateClients\0\sv_privateClientsForClients\0\sv_pure\0\sv_voice\1
  1:54 InitGame: \com_maxclients\4\fs_game\mods/zm_perks\g_gametype\zclassic\g_randomSeed\0\gamename\PT6ZM\mapname\zm_prison\playlist_enabled\0\playlist_entry\0\protocol\2089\scr_team_fftype\1\shortversion\1\sv_allowAimAssist\1\sv_allowAnonymous\0\sv_clientFpsLimit\200\sv_disableClientConsole\0\sv_hostname\BlackOpsPublic\sv_maxclients\4\sv_maxPing\0\sv_minPing\0\sv_privateClients\0\sv_privateClientsForClients\0\sv_pure\0\sv_voice\1\g_logTimeStampInSeconds\0
  4:43 ShutdownGame:
  4:43 ------------------------------------------------------------
  4:43 ------------------------------------------------------------
  4:43 InitGame: \com_maxclients\4\fs_game\mods/zm_perks\g_gametype\zclassic\g_randomSeed\0\gamename\PT6ZM\mapname\zm_prison\playlist_enabled\0\playlist_entry\0\protocol\2089\scr_team_fftype\1\shortversion\1\sv_allowAimAssist\1\sv_allowAnonymous\0\sv_clientFpsLimit\200\sv_disableClientConsole\0\sv_hostname\BlackOpsPublic\sv_maxclients\4\sv_maxPing\0\sv_minPing\0\sv_privateClients\0\sv_privateClientsForClients\0\sv_pure\0\sv_voice\1
  4:43 InitGame: \com_maxclients\4\fs_game\mods/zm_perks\g_gametype\zclassic\g_randomSeed\0\gamename\PT6ZM\mapname\zm_prison\playlist_enabled\0\playlist_entry\0\protocol\2089\scr_team_fftype\1\shortversion\1\sv_allowAimAssist\1\sv_allowAnonymous\0\sv_clientFpsLimit\200\sv_disableClientConsole\0\sv_hostname\BlackOpsPublic\sv_maxclients\4\sv_maxPing\0\sv_minPing\0\sv_privateClients\0\sv_privateClientsForClients\0\sv_pure\0\sv_voice\1\g_logTimeStampInSeconds\0
  4:56 J;5709704;0;tomba72
  5:29 ShutdownGame:
  5:29 ------------------------------------------------------------
  5:29 ------------------------------------------------------------
  5:29 InitGame: \com_maxclients\4\fs_game\mods/zm_perks\g_gametype\zclassic\g_randomSeed\0\gamename\PT6ZM\mapname\zm_prison\playlist_enabled\0\playlist_entry\0\protocol\2089\scr_team_fftype\1\shortversion\1\sv_allowAimAssist\1\sv_allowAnonymous\0\sv_clientFpsLimit\200\sv_disableClientConsole\0\sv_hostname\BlackOpsPublic\sv_maxclients\4\sv_maxPing\0\sv_minPing\0\sv_privateClients\0\sv_privateClientsForClients\0\sv_pure\0\sv_voice\1
  5:29 InitGame: \com_maxclients\4\fs_game\mods/zm_perks\g_gametype\zclassic\g_randomSeed\0\gamename\PT6ZM\mapname\zm_prison\playlist_enabled\0\playlist_entry\0\protocol\2089\scr_team_fftype\1\shortversion\1\sv_allowAimAssist\1\sv_allowAnonymous\0\sv_clientFpsLimit\200\sv_disableClientConsole\0\sv_hostname\BlackOpsPublic\sv_maxclients\4\sv_maxPing\0\sv_minPing\0\sv_privateClients\0\sv_privateClientsForClients\0\sv_pure\0\sv_voice\1\g_logTimeStampInSeconds\0
  5:33 J;5709704;0;tomba72
  6:04 ShutdownGame:
  6:04 ------------------------------------------------------------
  6:04 ------------------------------------------------------------
  6:04 InitGame: \com_maxclients\4\fs_game\mods/zm_perks\g_gametype\zclassic\g_randomSeed\0\gamename\PT6ZM\mapname\zm_prison\playlist_enabled\0\playlist_entry\0\protocol\2089\scr_team_fftype\1\shortversion\1\sv_allowAimAssist\1\sv_allowAnonymous\0\sv_clientFpsLimit\200\sv_disableClientConsole\0\sv_hostname\BlackOpsPublic\sv_maxclients\4\sv_maxPing\0\sv_minPing\0\sv_privateClients\0\sv_privateClientsForClients\0\sv_pure\0\sv_voice\1
  6:04 InitGame: \com_maxclients\4\fs_game\mods/zm_perks\g_gametype\zclassic\g_randomSeed\0\gamename\PT6ZM\mapname\zm_prison\playlist_enabled\0\playlist_entry\0\protocol\2089\scr_team_fftype\1\shortversion\1\sv_allowAimAssist\1\sv_allowAnonymous\0\sv_clientFpsLimit\200\sv_disableClientConsole\0\sv_hostname\BlackOpsPublic\sv_maxclients\4\sv_maxPing\0\sv_minPing\0\sv_privateClients\0\sv_privateClientsForClients\0\sv_pure\0\sv_voice\1\g_logTimeStampInSeconds\0
  6:08 J;5709704;0;tomba72
  6:24 ShutdownGame:
  6:24 ------------------------------------------------------------
  6:24 ------------------------------------------------------------
  6:24 InitGame: \com_maxclients\4\fs_game\mods/zm_perks\g_gametype\zclassic\g_randomSeed\0\gamename\PT6ZM\mapname\zm_prison\playlist_enabled\0\playlist_entry\0\protocol\2089\scr_team_fftype\1\shortversion\1\sv_allowAimAssist\1\sv_allowAnonymous\0\sv_clientFpsLimit\200\sv_disableClientConsole\0\sv_hostname\BlackOpsPublic\sv_maxclients\4\sv_maxPing\0\sv_minPing\0\sv_privateClients\0\sv_privateClientsForClients\0\sv_pure\0\sv_voice\1
  6:24 InitGame: \com_maxclients\4\fs_game\mods/zm_perks\g_gametype\zclassic\g_randomSeed\0\gamename\PT6ZM\mapname\zm_prison\playlist_enabled\0\playlist_entry\0\protocol\2089\scr_team_fftype\1\shortversion\1\sv_allowAimAssist\1\sv_allowAnonymous\0\sv_clientFpsLimit\200\sv_disableClientConsole\0\sv_hostname\BlackOpsPublic\sv_maxclients\4\sv_maxPing\0\sv_minPing\0\sv_privateClients\0\sv_privateClientsForClients\0\sv_pure\0\sv_voice\1\g_logTimeStampInSeconds\0
  6:28 J;5709704;0;tomba72
  6:56 ShutdownGame:
  6:56 ------------------------------------------------------------
  6:56 ------------------------------------------------------------
  6:56 InitGame: \com_maxclients\4\fs_game\mods/zm_perks\g_gametype\zclassic\g_randomSeed\0\gamename\PT6ZM\mapname\zm_prison\playlist_enabled\0\playlist_entry\0\protocol\2089\scr_team_fftype\1\shortversion\1\sv_allowAimAssist\1\sv_allowAnonymous\0\sv_clientFpsLimit\200\sv_disableClientConsole\0\sv_hostname\BlackOpsPublic\sv_maxclients\4\sv_maxPing\0\sv_minPing\0\sv_privateClients\0\sv_privateClientsForClients\0\sv_pure\0\sv_voice\1
  6:56 InitGame: \com_maxclients\4\fs_game\mods/zm_perks\g_gametype\zclassic\g_randomSeed\0\gamename\PT6ZM\mapname\zm_prison\playlist_enabled\0\playlist_entry\0\protocol\2089\scr_team_fftype\1\shortversion\1\sv_allowAimAssist\1\sv_allowAnonymous\0\sv_clientFpsLimit\200\sv_disableClientConsole\0\sv_hostname\BlackOpsPublic\sv_maxclients\4\sv_maxPing\0\sv_minPing\0\sv_privateClients\0\sv_privateClientsForClients\0\sv_pure\0\sv_voice\1\g_logTimeStampInSeconds\0
  7:01 J;5709704;0;tomba72
  7:29 ShutdownGame:
  7:29 ------------------------------------------------------------
  7:29 ------------------------------------------------------------
  7:29 InitGame: \com_maxclients\4\fs_game\mods/zm_perks\g_gametype\zclassic\g_randomSeed\0\gamename\PT6ZM\mapname\zm_prison\playlist_enabled\0\playlist_entry\0\protocol\2089\scr_team_fftype\1\shortversion\1\sv_allowAimAssist\1\sv_allowAnonymous\0\sv_clientFpsLimit\200\sv_disableClientConsole\0\sv_hostname\BlackOpsPublic\sv_maxclients\4\sv_maxPing\0\sv_minPing\0\sv_privateClients\0\sv_privateClientsForClients\0\sv_pure\0\sv_voice\1
  7:29 InitGame: \com_maxclients\4\fs_game\mods/zm_perks\g_gametype\zclassic\g_randomSeed\0\gamename\PT6ZM\mapname\zm_prison\playlist_enabled\0\playlist_entry\0\protocol\2089\scr_team_fftype\1\shortversion\1\sv_allowAimAssist\1\sv_allowAnonymous\0\sv_clientFpsLimit\200\sv_disableClientConsole\0\sv_hostname\BlackOpsPublic\sv_maxclients\4\sv_maxPing\0\sv_minPing\0\sv_privateClients\0\sv_privateClientsForClients\0\sv_pure\0\sv_voice\1\g_logTimeStampInSeconds\0
  7:33 J;5709704;0;tomba72
  7:54 ShutdownGame:
  7:54 ------------------------------------------------------------
  7:54 ------------------------------------------------------------
  7:54 InitGame: \com_maxclients\4\fs_game\mods/zm_perks\g_gametype\zclassic\g_randomSeed\0\gamename\PT6ZM\mapname\zm_prison\playlist_enabled\0\playlist_entry\0\protocol\2089\scr_team_fftype\1\shortversion\1\sv_allowAimAssist\1\sv_allowAnonymous\0\sv_clientFpsLimit\200\sv_disableClientConsole\0\sv_hostname\BlackOpsPublic\sv_maxclients\4\sv_maxPing\0\sv_minPing\0\sv_privateClients\0\sv_privateClientsForClients\0\sv_pure\0\sv_voice\1
  7:54 InitGame: \com_maxclients\4\fs_game\mods/zm_perks\g_gametype\zclassic\g_randomSeed\0\gamename\PT6ZM\mapname\zm_prison\playlist_enabled\0\playlist_entry\0\protocol\2089\scr_team_fftype\1\shortversion\1\sv_allowAimAssist\1\sv_allowAnonymous\0\sv_clientFpsLimit\200\sv_disableClientConsole\0\sv_hostname\BlackOpsPublic\sv_maxclients\4\sv_maxPing\0\sv_minPing\0\sv_privateClients\0\sv_privateClientsForClients\0\sv_pure\0\sv_voice\1\g_logTimeStampInSeconds\0
  7:58 J;5709704;0;tomba72
  8:25 ShutdownGame:
  8:25 ------------------------------------------------------------
  8:25 ------------------------------------------------------------
  8:25 InitGame: \com_maxclients\4\fs_game\mods/zm_perks\g_gametype\zclassic\g_randomSeed\0\gamename\PT6ZM\mapname\zm_prison\playlist_enabled\0\playlist_entry\0\protocol\2089\scr_team_fftype\1\shortversion\1\sv_allowAimAssist\1\sv_allowAnonymous\0\sv_clientFpsLimit\200\sv_disableClientConsole\0\sv_hostname\BlackOpsPublic\sv_maxclients\4\sv_maxPing\0\sv_minPing\0\sv_privateClients\0\sv_privateClientsForClients\0\sv_pure\0\sv_voice\1
  8:25 InitGame: \com_maxclients\4\fs_game\mods/zm_perks\g_gametype\zclassic\g_randomSeed\0\gamename\PT6ZM\mapname\zm_prison\playlist_enabled\0\playlist_entry\0\protocol\2089\scr_team_fftype\1\shortversion\1\sv_allowAimAssist\1\sv_allowAnonymous\0\sv_clientFpsLimit\200\sv_disableClientConsole\0\sv_hostname\BlackOpsPublic\sv_maxclients\4\sv_maxPing\0\sv_minPing\0\sv_privateClients\0\sv_privateClientsForClients\0\sv_pure\0\sv_voice\1\g_logTimeStampInSeconds\0
  8:30 J;5709704;0;tomba72
  8:47 ShutdownGame:
  8:47 ------------------------------------------------------------
  8:47 ------------------------------------------------------------
  8:47 InitGame: \com_maxclients\4\fs_game\mods/zm_perks\g_gametype\zclassic\g_randomSeed\0\gamename\PT6ZM\mapname\zm_prison\playlist_enabled\0\playlist_entry\0\protocol\2089\scr_team_fftype\1\shortversion\1\sv_allowAimAssist\1\sv_allowAnonymous\0\sv_clientFpsLimit\200\sv_disableClientConsole\0\sv_hostname\BlackOpsPublic\sv_maxclients\4\sv_maxPing\0\sv_minPing\0\sv_privateClients\0\sv_privateClientsForClients\0\sv_pure\0\sv_voice\1
  8:47 InitGame: \com_maxclients\4\fs_game\mods/zm_perks\g_gametype\zclassic\g_randomSeed\0\gamename\PT6ZM\mapname\zm_prison\playlist_enabled\0\playlist_entry\0\protocol\2089\scr_team_fftype\1\shortversion\1\sv_allowAimAssist\1\sv_allowAnonymous\0\sv_clientFpsLimit\200\sv_disableClientConsole\0\sv_hostname\BlackOpsPublic\sv_maxclients\4\sv_maxPing\0\sv_minPing\0\sv_privateClients\0\sv_privateClientsForClients\0\sv_pure\0\sv_voice\1\g_logTimeStampInSeconds\0
  8:51 J;5709704;0;tomba72
  9:10 ShutdownGame:
  9:10 ------------------------------------------------------------
  9:10 ------------------------------------------------------------
  9:10 InitGame: \com_maxclients\4\fs_game\mods/zm_perks\g_gametype\zclassic\g_randomSeed\0\gamename\PT6ZM\mapname\zm_prison\playlist_enabled\0\playlist_entry\0\protocol\2089\scr_team_fftype\1\shortversion\1\sv_allowAimAssist\1\sv_allowAnonymous\0\sv_clientFpsLimit\200\sv_disableClientConsole\0\sv_hostname\BlackOpsPublic\sv_maxclients\4\sv_maxPing\0\sv_minPing\0\sv_privateClients\0\sv_privateClientsForClients\0\sv_pure\0\sv_voice\1
  9:10 InitGame: \com_maxclients\4\fs_game\mods/zm_perks\g_gametype\zclassic\g_randomSeed\0\gamename\PT6ZM\mapname\zm_prison\playlist_enabled\0\playlist_entry\0\protocol\2089\scr_team_fftype\1\shortversion\1\sv_allowAimAssist\1\sv_allowAnonymous\0\sv_clientFpsLimit\200\sv_disableClientConsole\0\sv_hostname\BlackOpsPublic\sv_maxclients\4\sv_maxPing\0\sv_minPing\0\sv_privateClients\0\sv_privateClientsForClients\0\sv_pure\0\sv_voice\1\g_logTimeStampInSeconds\0
  9:13 J;5709704;0;tomba72
  9:32 ShutdownGame:
  9:32 ------------------------------------------------------------
  9:32 ------------------------------------------------------------
  9:32 InitGame: \com_maxclients\4\fs_game\mods/zm_perks\g_gametype\zclassic\g_randomSeed\0\gamename\PT6ZM\mapname\zm_prison\playlist_enabled\0\playlist_entry\0\protocol\2089\scr_team_fftype\1\shortversion\1\sv_allowAimAssist\1\sv_allowAnonymous\0\sv_clientFpsLimit\200\sv_disableClientConsole\0\sv_hostname\BlackOpsPublic\sv_maxclients\4\sv_maxPing\0\sv_minPing\0\sv_privateClients\0\sv_privateClientsForClients\0\sv_pure\0\sv_voice\1
  9:32 InitGame: \com_maxclients\4\fs_game\mods/zm_perks\g_gametype\zclassic\g_randomSeed\0\gamename\PT6ZM\mapname\zm_prison\playlist_enabled\0\playlist_entry\0\protocol\2089\scr_team_fftype\1\shortversion\1\sv_allowAimAssist\1\sv_allowAnonymous\0\sv_clientFpsLimit\200\sv_disableClientConsole\0\sv_hostname\BlackOpsPublic\sv_maxclients\4\sv_maxPing\0\sv_minPing\0\sv_privateClients\0\sv_privateClientsForClients\0\sv_pure\0\sv_voice\1\g_logTimeStampInSeconds\0
  9:36 J;5709704;0;tomba72
 10:17 ShutdownGame:
 10:17 ------------------------------------------------------------
 10:17 ------------------------------------------------------------
 10:17 InitGame: \com_maxclients\4\fs_game\mods/zm_perks\g_gametype\zclassic\g_randomSeed\0\gamename\PT6ZM\mapname\zm_prison\playlist_enabled\0\playlist_entry\0\protocol\2089\scr_team_fftype\1\shortversion\1\sv_allowAimAssist\1\sv_allowAnonymous\0\sv_clientFpsLimit\200\sv_disableClientConsole\0\sv_hostname\BlackOpsPublic\sv_maxclients\4\sv_maxPing\0\sv_minPing\0\sv_privateClients\0\sv_privateClientsForClients\0\sv_pure\0\sv_voice\1
 10:17 InitGame: \com_maxclients\4\fs_game\mods/zm_perks\g_gametype\zclassic\g_randomSeed\0\gamename\PT6ZM\mapname\zm_prison\playlist_enabled\0\playlist_entry\0\protocol\2089\scr_team_fftype\1\shortversion\1\sv_allowAimAssist\1\sv_allowAnonymous\0\sv_clientFpsLimit\200\sv_disableClientConsole\0\sv_hostname\BlackOpsPublic\sv_maxclients\4\sv_maxPing\0\sv_minPing\0\sv_privateClients\0\sv_privateClientsForClients\0\sv_pure\0\sv_voice\1\g_logTimeStampInSeconds\0
 10:20 J;5709704;0;tomba72
 10:51 ShutdownGame:
 10:51 ------------------------------------------------------------
 10:51 ------------------------------------------------------------
 10:51 InitGame: \com_maxclients\4\fs_game\mods/zm_perks\g_gametype\zclassic\g_randomSeed\0\gamename\PT6ZM\mapname\zm_prison\playlist_enabled\0\playlist_entry\0\protocol\2089\scr_team_fftype\1\shortversion\1\sv_allowAimAssist\1\sv_allowAnonymous\0\sv_clientFpsLimit\200\sv_disableClientConsole\0\sv_hostname\BlackOpsPublic\sv_maxclients\4\sv_maxPing\0\sv_minPing\0\sv_privateClients\0\sv_privateClientsForClients\0\sv_pure\0\sv_voice\1
 10:51 InitGame: \com_maxclients\4\fs_game\mods/zm_perks\g_gametype\zclassic\g_randomSeed\0\gamename\PT6ZM\mapname\zm_prison\playlist_enabled\0\playlist_entry\0\protocol\2089\scr_team_fftype\1\shortversion\1\sv_allowAimAssist\1\sv_allowAnonymous\0\sv_clientFpsLimit\200\sv_disableClientConsole\0\sv_hostname\BlackOpsPublic\sv_maxclients\4\sv_maxPing\0\sv_minPing\0\sv_privateClients\0\sv_privateClientsForClients\0\sv_pure\0\sv_voice\1\g_logTimeStampInSeconds\0
 10:55 J;5709704;0;tomba72
 11:22 ShutdownGame:
 11:22 ------------------------------------------------------------
 11:22 ------------------------------------------------------------
 11:22 InitGame: \com_maxclients\4\fs_game\mods/zm_perks\g_gametype\zclassic\g_randomSeed\0\gamename\PT6ZM\mapname\zm_prison\playlist_enabled\0\playlist_entry\0\protocol\2089\scr_team_fftype\1\shortversion\1\sv_allowAimAssist\1\sv_allowAnonymous\0\sv_clientFpsLimit\200\sv_disableClientConsole\0\sv_hostname\BlackOpsPublic\sv_maxclients\4\sv_maxPing\0\sv_minPing\0\sv_privateClients\0\sv_privateClientsForClients\0\sv_pure\0\sv_voice\1
 11:22 InitGame: \com_maxclients\4\fs_game\mods/zm_perks\g_gametype\zclassic\g_randomSeed\0\gamename\PT6ZM\mapname\zm_prison\playlist_enabled\0\playlist_entry\0\protocol\2089\scr_team_fftype\1\shortversion\1\sv_allowAimAssist\1\sv_allowAnonymous\0\sv_clientFpsLimit\200\sv_disableClientConsole\0\sv_hostname\BlackOpsPublic\sv_maxclients\4\sv_maxPing\0\sv_minPing\0\sv_privateClients\0\sv_privateClientsForClients\0\sv_pure\0\sv_voice\1\g_logTimeStampInSeconds\0
 11:25 J;5709704;0;tomba72
 13:17 say;5709704;0;tomba72;.b
 16:25 say;5709704;0;tomba72;.d all
 16:40 Q;5709704;0;tomba72
 17:02 ExitLevel: executed
 17:02 ShutdownGame:
 17:02 ------------------------------------------------------------
 17:02 ------------------------------------------------------------
 17:02 InitGame: \com_maxclients\4\fs_game\mods/zm_perks\g_gametype\zclassic\g_randomSeed\0\gamename\PT6ZM\mapname\zm_prison\playlist_enabled\0\playlist_entry\0\protocol\2089\scr_team_fftype\1\shortversion\1\sv_allowAimAssist\1\sv_allowAnonymous\0\sv_clientFpsLimit\200\sv_disableClientConsole\0\sv_hostname\BlackOpsPublic\sv_maxclients\4\sv_maxPing\0\sv_minPing\0\sv_privateClients\0\sv_privateClientsForClients\0\sv_pure\0\sv_voice\1
 17:02 InitGame: \com_maxclients\4\fs_game\mods/zm_perks\g_gametype\zclassic\g_randomSeed\0\gamename\PT6ZM\mapname\zm_prison\playlist_enabled\0\playlist_entry\0\protocol\2089\scr_team_fftype\1\shortversion\1\sv_allowAimAssist\1\sv_allowAnonymous\0\sv_clientFpsLimit\200\sv_disableClientConsole\0\sv_hostname\BlackOpsPublic\sv_maxclients\4\sv_maxPing\0\sv_minPing\0\sv_privateClients\0\sv_privateClientsForClients\0\sv_pure\0\sv_voice\1\g_logTimeStampInSeconds\0
 28:11 ShutdownGame:
 28:11 ------------------------------------------------------------
 28:11 ------------------------------------------------------------
 28:11 InitGame: \com_maxclients\4\fs_game\mods/zm_perks\g_gametype\zclassic\g_randomSeed\0\gamename\PT6ZM\mapname\zm_prison\playlist_enabled\0\playlist_entry\0\protocol\2089\scr_team_fftype\1\shortversion\1\sv_allowAimAssist\1\sv_allowAnonymous\0\sv_clientFpsLimit\200\sv_disableClientConsole\0\sv_hostname\BlackOpsPublic\sv_maxclients\4\sv_maxPing\0\sv_minPing\0\sv_privateClients\0\sv_privateClientsForClients\0\sv_pure\0\sv_voice\1
 28:11 InitGame: \com_maxclients\4\fs_game\mods/zm_perks\g_gametype\zclassic\g_randomSeed\0\gamename\PT6ZM\mapname\zm_prison\playlist_enabled\0\playlist_entry\0\protocol\2089\scr_team_fftype\1\shortversion\1\sv_allowAimAssist\1\sv_allowAnonymous\0\sv_clientFpsLimit\200\sv_disableClientConsole\0\sv_hostname\BlackOpsPublic\sv_maxclients\4\sv_maxPing\0\sv_minPing\0\sv_privateClients\0\sv_privateClientsForClients\0\sv_pure\0\sv_voice\1\g_logTimeStampInSeconds\0
 28:11 ShutdownGame:
 28:11 ------------------------------------------------------------
  0:00 ------------------------------------------------------------
  0:00 InitGame: \com_maxclients\4\fs_game\mods/zm_perks\g_gametype\zclassic\g_randomSeed\0\gamename\PT6ZM\mapname\zm_prison\playlist_enabled\0\playlist_entry\0\protocol\2089\scr_team_fftype\1\shortversion\1\sv_allowAimAssist\1\sv_allowAnonymous\0\sv_clientFpsLimit\200\sv_disableClientConsole\0\sv_hostname\BlackOpsPublic\sv_maxclients\4\sv_maxPing\0\sv_minPing\0\sv_privateClients\0\sv_privateClientsForClients\0\sv_pure\0\sv_voice\1
  0:00 InitGame: \com_maxclients\4\fs_game\mods/zm_perks\g_gametype\zclassic\g_randomSeed\0\gamename\PT6ZM\mapname\zm_prison\playlist_enabled\0\playlist_entry\0\protocol\2089\scr_team_fftype\1\shortversion\1\sv_allowAimAssist\1\sv_allowAnonymous\0\sv_clientFpsLimit\200\sv_disableClientConsole\0\sv_hostname\BlackOpsPublic\sv_maxclients\4\sv_maxPing\0\sv_minPing\0\sv_privateClients\0\sv_privateClientsForClients\0\sv_pure\0\sv_voice\1\g_logTimeStampInSeconds\0
  0:00 ShutdownGame:
  0:00 ------------------------------------------------------------
  0:00 ------------------------------------------------------------
  0:00 InitGame: \com_maxclients\4\fs_game\mods/zm_perks\g_gametype\zclassic\g_randomSeed\0\gamename\PT6ZM\mapname\zm_prison\playlist_enabled\0\playlist_entry\0\protocol\2089\scr_team_fftype\1\shortversion\1\sv_allowAimAssist\1\sv_allowAnonymous\0\sv_clientFpsLimit\200\sv_disableClientConsole\0\sv_hostname\BlackOpsPublic\sv_maxclients\4\sv_maxPing\0\sv_minPing\0\sv_privateClients\0\sv_privateClientsForClients\0\sv_pure\0\sv_voice\1
  0:00 InitGame: \com_maxclients\4\fs_game\mods/zm_perks\g_gametype\zclassic\g_randomSeed\0\gamename\PT6ZM\mapname\zm_prison\playlist_enabled\0\playlist_entry\0\protocol\2089\scr_team_fftype\1\shortversion\1\sv_allowAimAssist\1\sv_allowAnonymous\0\sv_clientFpsLimit\200\sv_disableClientConsole\0\sv_hostname\BlackOpsPublic\sv_maxclients\4\sv_maxPing\0\sv_minPing\0\sv_privateClients\0\sv_privateClientsForClients\0\sv_pure\0\sv_voice\1\g_logTimeStampInSeconds\0
  0:00 ShutdownGame:
  0:00 ------------------------------------------------------------
  0:00 ------------------------------------------------------------
  0:00 InitGame: \com_maxclients\4\fs_game\mods/zm_perks\g_gametype\zclassic\g_randomSeed\0\gamename\PT6ZM\mapname\zm_prison\playlist_enabled\0\playlist_entry\0\protocol\2089\scr_team_fftype\1\shortversion\1\sv_allowAimAssist\1\sv_allowAnonymous\0\sv_clientFpsLimit\200\sv_disableClientConsole\0\sv_hostname\BlackOpsPublic\sv_maxclients\4\sv_maxPing\0\sv_minPing\0\sv_privateClients\0\sv_privateClientsForClients\0\sv_pure\0\sv_voice\1
  0:00 InitGame: \com_maxclients\4\fs_game\mods/zm_perks\g_gametype\zclassic\g_randomSeed\0\gamename\PT6ZM\mapname\zm_prison\playlist_enabled\0\playlist_entry\0\protocol\2089\scr_team_fftype\1\shortversion\1\sv_allowAimAssist\1\sv_allowAnonymous\0\sv_clientFpsLimit\200\sv_disableClientConsole\0\sv_hostname\BlackOpsPublic\sv_maxclients\4\sv_maxPing\0\sv_minPing\0\sv_privateClients\0\sv_privateClientsForClients\0\sv_pure\0\sv_voice\1\g_logTimeStampInSeconds\0
  0:12 J;5709704;0;tomba72
  0:28 say;5709704;0;tomba72;.afk
  0:33 say;5709704;0;tomba72;.afk off
  0:39 say;5709704;0;tomba72;.afk
  1:00 ShutdownGame:
  1:00 ------------------------------------------------------------
  1:00 ------------------------------------------------------------
  1:00 InitGame: \com_maxclients\4\fs_game\mods/zm_perks\g_gametype\zclassic\g_randomSeed\0\gamename\PT6ZM\mapname\zm_prison\playlist_enabled\0\playlist_entry\0\protocol\2089\scr_team_fftype\1\shortversion\1\sv_allowAimAssist\1\sv_allowAnonymous\0\sv_clientFpsLimit\200\sv_disableClientConsole\0\sv_hostname\BlackOpsPublic\sv_maxclients\4\sv_maxPing\0\sv_minPing\0\sv_privateClients\0\sv_privateClientsForClients\0\sv_pure\0\sv_voice\1
  1:00 InitGame: \com_maxclients\4\fs_game\mods/zm_perks\g_gametype\zclassic\g_randomSeed\0\gamename\PT6ZM\mapname\zm_prison\playlist_enabled\0\playlist_entry\0\protocol\2089\scr_team_fftype\1\shortversion\1\sv_allowAimAssist\1\sv_allowAnonymous\0\sv_clientFpsLimit\200\sv_disableClientConsole\0\sv_hostname\BlackOpsPublic\sv_maxclients\4\sv_maxPing\0\sv_minPing\0\sv_privateClients\0\sv_privateClientsForClients\0\sv_pure\0\sv_voice\1\g_logTimeStampInSeconds\0
  1:04 J;5709704;0;tomba72
  1:19 say;5709704;0;tomba72;.afk
  5:07 say;5709704;0;tomba72;.afk off
  5:31 ShutdownGame:
  5:31 ------------------------------------------------------------
  5:31 ------------------------------------------------------------
  5:31 InitGame: \com_maxclients\4\fs_game\mods/zm_perks\g_gametype\zclassic\g_randomSeed\0\gamename\PT6ZM\mapname\zm_prison\playlist_enabled\0\playlist_entry\0\protocol\2089\scr_team_fftype\1\shortversion\1\sv_allowAimAssist\1\sv_allowAnonymous\0\sv_clientFpsLimit\200\sv_disableClientConsole\0\sv_hostname\BlackOpsPublic\sv_maxclients\4\sv_maxPing\0\sv_minPing\0\sv_privateClients\0\sv_privateClientsForClients\0\sv_pure\0\sv_voice\1
  5:31 InitGame: \com_maxclients\4\fs_game\mods/zm_perks\g_gametype\zclassic\g_randomSeed\0\gamename\PT6ZM\mapname\zm_prison\playlist_enabled\0\playlist_entry\0\protocol\2089\scr_team_fftype\1\shortversion\1\sv_allowAimAssist\1\sv_allowAnonymous\0\sv_clientFpsLimit\200\sv_disableClientConsole\0\sv_hostname\BlackOpsPublic\sv_maxclients\4\sv_maxPing\0\sv_minPing\0\sv_privateClients\0\sv_privateClientsForClients\0\sv_pure\0\sv_voice\1\g_logTimeStampInSeconds\0
  5:35 J;5709704;0;tomba72
  5:57 say;5709704;0;tomba72;.afk
  6:17 say;5709704;0;tomba72;.afk off
  6:26 say;5709704;0;tomba72;.afk
  7:11 ShutdownGame:
  7:11 ------------------------------------------------------------
  7:11 ------------------------------------------------------------
  7:11 InitGame: \com_maxclients\4\fs_game\mods/zm_perks\g_gametype\zclassic\g_randomSeed\0\gamename\PT6ZM\mapname\zm_prison\playlist_enabled\0\playlist_entry\0\protocol\2089\scr_team_fftype\1\shortversion\1\sv_allowAimAssist\1\sv_allowAnonymous\0\sv_clientFpsLimit\200\sv_disableClientConsole\0\sv_hostname\BlackOpsPublic\sv_maxclients\4\sv_maxPing\0\sv_minPing\0\sv_privateClients\0\sv_privateClientsForClients\0\sv_pure\0\sv_voice\1
  7:11 InitGame: \com_maxclients\4\fs_game\mods/zm_perks\g_gametype\zclassic\g_randomSeed\0\gamename\PT6ZM\mapname\zm_prison\playlist_enabled\0\playlist_entry\0\protocol\2089\scr_team_fftype\1\shortversion\1\sv_allowAimAssist\1\sv_allowAnonymous\0\sv_clientFpsLimit\200\sv_disableClientConsole\0\sv_hostname\BlackOpsPublic\sv_maxclients\4\sv_maxPing\0\sv_minPing\0\sv_privateClients\0\sv_privateClientsForClients\0\sv_pure\0\sv_voice\1\g_logTimeStampInSeconds\0
  7:15 J;5709704;0;tomba72
  7:30 say;5709704;0;tomba72;.afk
  7:36 say;5709704;0;tomba72;.afk off
  7:38 say;5709704;0;tomba72;.afk
  7:42 say;5709704;0;tomba72;.afk off
  8:14 ShutdownGame:
  8:14 ------------------------------------------------------------
  8:14 ------------------------------------------------------------
  8:14 InitGame: \com_maxclients\4\fs_game\mods/zm_perks\g_gametype\zclassic\g_randomSeed\0\gamename\PT6ZM\mapname\zm_prison\playlist_enabled\0\playlist_entry\0\protocol\2089\scr_team_fftype\1\shortversion\1\sv_allowAimAssist\1\sv_allowAnonymous\0\sv_clientFpsLimit\200\sv_disableClientConsole\0\sv_hostname\BlackOpsPublic\sv_maxclients\4\sv_maxPing\0\sv_minPing\0\sv_privateClients\0\sv_privateClientsForClients\0\sv_pure\0\sv_voice\1
  8:14 InitGame: \com_maxclients\4\fs_game\mods/zm_perks\g_gametype\zclassic\g_randomSeed\0\gamename\PT6ZM\mapname\zm_prison\playlist_enabled\0\playlist_entry\0\protocol\2089\scr_team_fftype\1\shortversion\1\sv_allowAimAssist\1\sv_allowAnonymous\0\sv_clientFpsLimit\200\sv_disableClientConsole\0\sv_hostname\BlackOpsPublic\sv_maxclients\4\sv_maxPing\0\sv_minPing\0\sv_privateClients\0\sv_privateClientsForClients\0\sv_pure\0\sv_voice\1\g_logTimeStampInSeconds\0
  8:18 J;5709704;0;tomba72
  8:34 say;5709704;0;tomba72;.afk
  8:35 say;5709704;0;tomba72;.afk
  8:44 say;5709704;0;tomba72;.afk off
  9:09 ShutdownGame:
  9:09 ------------------------------------------------------------
  9:09 ------------------------------------------------------------
  9:09 InitGame: \com_maxclients\4\fs_game\mods/zm_perks\g_gametype\zclassic\g_randomSeed\0\gamename\PT6ZM\mapname\zm_prison\playlist_enabled\0\playlist_entry\0\protocol\2089\scr_team_fftype\1\shortversion\1\sv_allowAimAssist\1\sv_allowAnonymous\0\sv_clientFpsLimit\200\sv_disableClientConsole\0\sv_hostname\BlackOpsPublic\sv_maxclients\4\sv_maxPing\0\sv_minPing\0\sv_privateClients\0\sv_privateClientsForClients\0\sv_pure\0\sv_voice\1
  9:09 InitGame: \com_maxclients\4\fs_game\mods/zm_perks\g_gametype\zclassic\g_randomSeed\0\gamename\PT6ZM\mapname\zm_prison\playlist_enabled\0\playlist_entry\0\protocol\2089\scr_team_fftype\1\shortversion\1\sv_allowAimAssist\1\sv_allowAnonymous\0\sv_clientFpsLimit\200\sv_disableClientConsole\0\sv_hostname\BlackOpsPublic\sv_maxclients\4\sv_maxPing\0\sv_minPing\0\sv_privateClients\0\sv_privateClientsForClients\0\sv_pure\0\sv_voice\1\g_logTimeStampInSeconds\0
  9:12 J;5709704;0;tomba72
  9:31 say;5709704;0;tomba72;.afk
  9:34 say;5709704;0;tomba72;.afk off
  9:40 Q;5709704;0;tomba72
  0:00 ------------------------------------------------------------
  0:00 InitGame: \com_maxclients\4\fs_game\mods/zm_perks\g_gametype\zclassic\g_randomSeed\0\gamename\PT6ZM\mapname\zm_prison\playlist_enabled\0\playlist_entry\0\protocol\2089\scr_team_fftype\1\shortversion\1\sv_allowAimAssist\1\sv_allowAnonymous\0\sv_clientFpsLimit\200\sv_disableClientConsole\0\sv_hostname\BlackOpsPublic\sv_maxclients\4\sv_maxPing\0\sv_minPing\0\sv_privateClients\0\sv_privateClientsForClients\0\sv_pure\0\sv_voice\1
  0:00 InitGame: \com_maxclients\4\fs_game\mods/zm_perks\g_gametype\zclassic\g_randomSeed\0\gamename\PT6ZM\mapname\zm_prison\playlist_enabled\0\playlist_entry\0\protocol\2089\scr_team_fftype\1\shortversion\1\sv_allowAimAssist\1\sv_allowAnonymous\0\sv_clientFpsLimit\200\sv_disableClientConsole\0\sv_hostname\BlackOpsPublic\sv_maxclients\4\sv_maxPing\0\sv_minPing\0\sv_privateClients\0\sv_privateClientsForClients\0\sv_pure\0\sv_voice\1\g_logTimeStampInSeconds\0
  3:42 J;5709704;0;tomba72
  4:03 Q;5709704;0;tomba72
  4:25 ExitLevel: executed
  4:25 ShutdownGame:
  4:25 ------------------------------------------------------------
  4:25 ------------------------------------------------------------
  4:25 InitGame: \com_maxclients\4\fs_game\mods/zm_perks\g_gametype\zclassic\g_randomSeed\0\gamename\PT6ZM\mapname\zm_prison\playlist_enabled\0\playlist_entry\0\protocol\2089\scr_team_fftype\1\shortversion\1\sv_allowAimAssist\1\sv_allowAnonymous\0\sv_clientFpsLimit\200\sv_disableClientConsole\0\sv_hostname\Alexander Podgorsak's Work Computer\sv_maxclients\4\sv_maxPing\0\sv_minPing\0\sv_privateClients\0\sv_privateClientsForClients\0\sv_pure\0\sv_voice\1
  4:25 InitGame: \com_maxclients\4\fs_game\mods/zm_perks\g_gametype\zclassic\g_randomSeed\0\gamename\PT6ZM\mapname\zm_prison\playlist_enabled\0\playlist_entry\0\protocol\2089\scr_team_fftype\1\shortversion\1\sv_allowAimAssist\1\sv_allowAnonymous\0\sv_clientFpsLimit\200\sv_disableClientConsole\0\sv_hostname\Alexander Podgorsak's Work Computer\sv_maxclients\4\sv_maxPing\0\sv_minPing\0\sv_privateClients\0\sv_privateClientsForClients\0\sv_pure\0\sv_voice\1\g_logTimeStampInSeconds\0
